3:My first attempt had an error in the file path
